== P(最终自摸 | 向听, 财神, 副露) —— 我们 vs 对手 ==
 向听  财神  副露 |    us胜率      n |    opp胜率       n |      差
  0   0   0 |   23.5%   2161 |    26.6%    4312 |  +3.0%
  0   0   1 |   24.4%   2735 |    24.7%    9757 |  +0.3%
  0   0   2 |   19.4%   1538 |    21.0%   13209 |  +1.7%
  0   1   0 |   36.0%   4287 |    42.8%    8204 |  +6.8%
  0   1   1 |   33.8%   3634 |    44.7%   12490 | +11.0%
  0   1   2 |   32.6%   1020 |    40.8%   10119 |  +8.2%
  0   2   0 |   47.6%   2108 |    59.4%    3714 | +11.8%
  0   2   1 |   57.2%    943 |    62.5%    3325 |  +5.3%
  1   0   0 |   11.9%   6783 |    16.8%   14451 |  +4.9%
  1   0   1 |   11.5%   5035 |    16.4%   15746 |  +5.0%
  1   0   2 |   11.1%   1248 |    13.5%    7947 |  +2.4%
  1   1   0 |   23.1%   6860 |    32.9%   14123 |  +9.7%
  1   1   1 |   26.8%   2502 |    32.6%    9102 |  +5.8%
  1   2   0 |   41.1%   1493 |    50.2%    3512 |  +9.1%
  1   2   1 |   49.1%    275 |    48.9%     927 |  -0.2%
  2   0   0 |    9.5%  11235 |    14.4%   27487 |  +4.9%
  2   0   1 |    9.2%   3499 |    11.9%   12252 |  +2.7%
  2   1   0 |   23.4%   5804 |    29.4%   15120 |  +6.0%
  2   1   1 |   20.3%    620 |    28.7%    2973 |  +8.4%
  2   2   0 |   48.3%    787 |    43.2%    2264 |  -5.0%
  3   0   0 |    8.6%   9010 |    11.5%   24724 |  +2.9%
  3   0   1 |    9.5%    620 |    10.7%    3178 |  +1.2%
  3   1   0 |   22.0%   2531 |    24.8%    8247 |  +2.8%
  3   2   0 |   43.1%    204 |    34.4%     745 |  -8.8%
  4   0   0 |    7.5%   3435 |     8.1%   11946 |  +0.6%
  4   1   0 |   17.2%    545 |    17.5%    1979 |  +0.3%
