对局 5436 局（5436 个文件），视角 u_a7f7c67bb14a

能胡的摸牌时刻                       10610
当场胡                            9101  (85.8% of 能胡时刻)
弃胡                             1509  (14.2% of 能胡时刻)
  弃胡时本已是爆头                        0
弃胡后：自己还是胡了                     1280
  其中番数确实翻倍了                    1270
弃胡后：别人胡了                        165
弃胡后：流局                            0
弃胡让出的番数合计                      1696
弃胡后：自己胡了的番数合计                  3382
反事实：当场胡的净分                    25876
反事实：弃胡实际净分                    45091
  （弃胡更赚的局数）                    1270
  （弃胡更亏的局数）                     165
  （打平）                           10
反事实无法计算                           0

弃胡样例（前 12 例）:
  a_0020f8fed37c_r1_b2_t0 局6 seq1315 弃掉 1 番
  a_0085029e5188_r1_b3_t0 局5 seq768 弃掉 1 番
  a_0085029e5188_r1_b6_t0 局4 seq839 弃掉 1 番
  a_011770b8162a_r1_b8_t0 局2 seq388 弃掉 1 番
  a_018b3ce13e72_r1_b6_t0 局1 seq116 弃掉 1 番
  a_024b407cc6f6_r1_b1_t0 局6 seq1291 弃掉 1 番
  a_024b407cc6f6_r1_b3_t0 局4 seq699 弃掉 2 番
  a_024b407cc6f6_r1_b7_t0 局1 seq187 弃掉 1 番
  a_024b407cc6f6_r1_b7_t0 局4 seq632 弃掉 1 番
  a_025b624af140_r1_b0_t0 局4 seq1068 弃掉 1 番
  a_025b624af140_r1_b1_t0 局2 seq253 弃掉 1 番
  a_025b624af140_r1_b2_t0 局3 seq625 弃掉 1 番
