=== 精算 shanten_any（150 个文件） ===
    向听         我们         对手
     0     21.1%     23.2%
     1     27.2%     22.8%
     2     25.5%     23.9%
     3     17.8%     19.2%
    4+      8.3%     10.8%

按「该座位第 n 次摸牌」的听牌率（0 向听占比）
   n        我们        对手     样本(我们)
   1     0.1%     0.3%       1200
   2     1.3%     2.0%       1196
   3     4.0%     6.0%       1186
   4     9.8%    12.8%       1147
   5    18.5%    21.0%       1082
   6    24.1%    29.6%        976
   7    31.2%    39.0%        863
   8    36.6%    45.9%        719
   9    44.4%    52.7%        576
  10    50.2%    55.6%        436
  11    52.4%    57.5%        330
  12    58.3%    57.0%        242
  13    62.7%    55.7%        169
  14    64.8%    51.8%        105

  我们摸牌 10338 次，对手摸牌 29797 次

=== 快算 quick_shanten（1129 个文件） ===
    向听         我们         对手
     0     18.1%     26.7%
     1     21.5%     19.1%
     2     29.5%     24.4%
     3     26.0%     23.8%
    4+      5.0%      6.0%

按「该座位第 n 次摸牌」的听牌率（0 向听占比）
   n        我们        对手     样本(我们)
   1     0.5%     0.9%       8967
   2     2.3%     4.1%       8947
   3     5.6%    10.5%       8860
   4    11.0%    19.3%       8602
   5    16.6%    28.5%       8117
   6    21.9%    37.1%       7373
   7    27.0%    44.2%       6392
   8    31.9%    49.8%       5327
   9    35.5%    53.6%       4227
  10    39.0%    55.7%       3276
  11    42.2%    57.0%       2370
  12    44.2%    56.5%       1662
  13    45.6%    54.6%       1113
  14    50.9%    51.0%        738

  我们摸牌 76751 次，对手摸牌 220190 次

